ERC report (2026-09-17T19:19:01, Encoding UTF8)
Report includes: Errors

***** Sheet /
[power_pin_not_driven]: Input Power pin not driven by any Output Power pins
    ; error
    @(144.78 mm, 49.53 mm): Symbol RP2350 Pin 46 [VREG_AVDD, Power input, Line]
[pin_not_connected]: Pin not connected
    ; error
    @(187.96 mm, 74.93 mm): Symbol RP2350 Pin 10 [GPIO7, Bidirectional, Line]
[pin_not_connected]: Pin not connected
    ; error
    @(575.31 mm, 90.17 mm): Symbol U3 Pin 18 [I13, Passive, Line]
[pin_not_connected]: Pin not connected
    ; error
    @(575.31 mm, 92.71 mm): Symbol U3 Pin 17 [I14, Passive, Line]
[pin_not_connected]: Pin not connected
    ; error
    @(575.31 mm, 95.25 mm): Symbol U3 Pin 16 [I15, Passive, Line]
[pin_not_connected]: Pin not connected
    ; error
    @(601.98 mm, 199.39 mm): Symbol U43 Pin 19 [I12, Passive, Line]
[pin_not_connected]: Pin not connected
    ; error
    @(601.98 mm, 201.93 mm): Symbol U43 Pin 18 [I13, Passive, Line]
[pin_not_connected]: Pin not connected
    ; error
    @(601.98 mm, 204.47 mm): Symbol U43 Pin 17 [I14, Passive, Line]
[pin_not_connected]: Pin not connected
    ; error
    @(601.98 mm, 207.01 mm): Symbol U43 Pin 16 [I15, Passive, Line]
[pin_not_connected]: Pin not connected
    ; error
    @(225.39 mm, 677.43 mm): Symbol LED337 Pin 3 [DOUT, Unspecified, Line]
[pin_to_pin]: Pins of type Power output and Power output are connected
    ; error
    @(935.99 mm, 82.55 mm): Symbol #FLG01 Pin 1 [Power output, Line]
    @(965.20 mm, 80.01 mm): Symbol #FLG04 Pin 1 [Power output, Line]

 ** ERC messages: 11  Errors 11  Warnings 0

 ** Ignored checks:
    - Global label only appears once in the schematic
    - Four connection points are joined together
    - SPICE model issue
    - Assigned footprint doesn't match footprint filters
